// Vitest Snapshot v1, https://vitest.dev/guide/snapshot.html

exports[`Home Page snapshot test > should render the home page 1`] = `undefined`;
